// Jest Snapshot v1, https://goo.gl/fbAQLP

exports[`matches snapshot 1`] = `
<DocumentFragment>
  <div
    class="makeStyles-root-14"
  >
    <header
      class="MuiPaper-root MuiAppBar-root MuiAppBar-positionFixed MuiAppBar-colorPrimary makeStyles-appBar-16 mui-fixed MuiPaper-elevation0"
    >
      <div
        class="MuiToolbar-root MuiToolbar-regular MuiToolbar-gutters"
      >
        <button
          aria-label="open drawer"
          class="MuiButtonBase-root MuiIconButton-root makeStyles-menuButton-17 MuiIconButton-colorInherit MuiIconButton-edgeStart"
          tabindex="0"
          type="button"
        >
          <span
            class="MuiIconButton-label"
          >
            <svg
              aria-hidden="true"
              class="MuiSvgIcon-root"
              focusable="false"
              viewBox="0 0 24 24"
            >
              <path
                d="M3 18h18v-2H3v2zm0-5h18v-2H3v2zm0-7v2h18V6H3z"
              />
            </svg>
          </span>
          <span
            class="MuiTouchRipple-root"
          />
        </button>
        <h6
          class="MuiTypography-root makeStyles-title-22 MuiTypography-h6"
        >
          <a
            class="MuiTypography-root MuiLink-root MuiLink-underlineNone MuiTypography-colorInherit"
            href="/"
          >
            LangChat
          </a>
        </h6>
      </div>
    </header>
    <nav
      aria-label="navigation"
      class="makeStyles-drawer-15"
    />
    <main
      class="makeStyles-content-20"
    >
      <div
        class="makeStyles-toolbar-18"
      />
    </main>
  </div>
  <footer
    class="makeStyles-root-25"
  >
    <div>
      <p>
        Â© LangChat
      </p>
      <a
        class="makeStyles-link-26"
        href="http://www.freepik.com"
      >
        Graphics designed by stories/Freepik
      </a>
    </div>
  </footer>
</DocumentFragment>
`;
