// Jest Snapshot v1, https://goo.gl/fbAQLP

exports[`matches snapshot 1`] = `
<DocumentFragment>
  <div
    class="MuiContainer-root makeStyles-root-17 MuiContainer-maxWidthLg"
  >
    <h1
      class="MuiTypography-root MuiTypography-h3 MuiTypography-colorSecondary MuiTypography-alignCenter"
    >
      Test 
      <label
        class="MuiFormControlLabel-root makeStyles-switch-21"
      >
        <span
          class="MuiSwitch-root"
        >
          <span
            aria-disabled="false"
            class="MuiButtonBase-root MuiIconButton-root PrivateSwitchBase-root-22 MuiSwitch-switchBase MuiSwitch-colorPrimary PrivateSwitchBase-checked-23 Mui-checked"
          >
            <span
              class="MuiIconButton-label"
            >
              <input
                checked=""
                class="PrivateSwitchBase-input-25 MuiSwitch-input"
                name="active"
                type="checkbox"
                value=""
              />
              <span
                class="MuiSwitch-thumb"
              />
            </span>
            <span
              class="MuiTouchRipple-root"
            />
          </span>
          <span
            class="MuiSwitch-track"
          />
        </span>
        <span
          class="MuiTypography-root MuiFormControlLabel-label MuiTypography-body1"
        >
          active
        </span>
      </label>
    </h1>
    <div
      class="MuiGrid-root MuiGrid-container MuiGrid-spacing-xs-1"
    >
      <div
        class="MuiGrid-root makeStyles-item1-18 MuiGrid-item MuiGrid-grid-xs-12 MuiGrid-grid-sm-6"
      >
        <div>
          <h2
            class="MuiTypography-root MuiTypography-h5 MuiTypography-colorSecondary MuiTypography-gutterBottom"
          >
            User Details 
            <button
              aria-label="edit user details"
              class="MuiButtonBase-root MuiIconButton-root MuiIconButton-colorSecondary"
              tabindex="0"
              type="button"
            >
              <span
                class="MuiIconButton-label"
              >
                <svg
                  aria-hidden="true"
                  class="MuiSvgIcon-root"
                  focusable="false"
                  viewBox="0 0 24 24"
                >
                  <path
                    d="M3 17.25V21h3.75L17.81 9.94l-3.75-3.75L3 17.25zM20.71 7.04c.39-.39.39-1.02 0-1.41l-2.34-2.34a.9959.9959 0 00-1.41 0l-1.83 1.83 3.75 3.75 1.83-1.83z"
                  />
                </svg>
              </span>
              <span
                class="MuiTouchRipple-root"
              />
            </button>
          </h2>
          <p
            class="MuiTypography-root MuiTypography-body1 MuiTypography-gutterBottom MuiTypography-paragraph"
          >
            <b>
              Name: 
            </b>
            Test
          </p>
          <p
            class="MuiTypography-root MuiTypography-body1 MuiTypography-gutterBottom MuiTypography-paragraph"
          >
            <b>
              Email: 
            </b>
            test@mail.com
          </p>
          <p
            class="MuiTypography-root MuiTypography-body1 MuiTypography-gutterBottom MuiTypography-paragraph"
          >
            <b>
              About: 
            </b>
            stuff about mae
          </p>
          <h2
            class="MuiTypography-root makeStyles-root-17 MuiTypography-h5 MuiTypography-colorSecondary MuiTypography-gutterBottom"
          >
            Languages 
            <button
              aria-label="edit languages"
              class="MuiButtonBase-root MuiIconButton-root MuiIconButton-colorSecondary"
              tabindex="0"
              type="button"
            >
              <span
                class="MuiIconButton-label"
              >
                <svg
                  aria-hidden="true"
                  class="MuiSvgIcon-root"
                  focusable="false"
                  viewBox="0 0 24 24"
                >
                  <path
                    d="M3 17.25V21h3.75L17.81 9.94l-3.75-3.75L3 17.25zM20.71 7.04c.39-.39.39-1.02 0-1.41l-2.34-2.34a.9959.9959 0 00-1.41 0l-1.83 1.83 3.75 3.75 1.83-1.83z"
                  />
                </svg>
              </span>
              <span
                class="MuiTouchRipple-root"
              />
            </button>
          </h2>
          <p
            class="MuiTypography-root MuiTypography-body1 MuiTypography-gutterBottom MuiTypography-paragraph"
          >
            <b>
              Native Language: 
            </b>
            Italian
          </p>
          <p
            class="MuiTypography-root MuiTypography-body1 MuiTypography-gutterBottom"
          >
            <b>
              Learning: 
            </b>
            Korean
          </p>
          <div>
            Level
            <div
              aria-valuemax="100"
              aria-valuemin="0"
              aria-valuenow="50"
              class="MuiLinearProgress-root MuiLinearProgress-colorPrimary makeStyles-level-20 MuiLinearProgress-determinate"
              role="progressbar"
            >
              <div
                class="MuiLinearProgress-bar MuiLinearProgress-barColorPrimary MuiLinearProgress-bar1Determinate"
                style="transform: translateX(-50%);"
              />
            </div>
          </div>
        </div>
      </div>
      <div
        class="MuiGrid-root makeStyles-item2-19 MuiGrid-item MuiGrid-grid-xs-12 MuiGrid-grid-sm-6"
      >
        <div>
          <h2
            class="MuiTypography-root MuiTypography-h5 MuiTypography-colorSecondary MuiTypography-gutterBottom"
          >
            Profile Picture
          </h2>
          <div
            class="makeStyles-root-26"
          >
            <div
              class="makeStyles-imgContainer-28"
            >
              <img
                alt="avatar"
                class="makeStyles-img-29"
                src="https://cdn.fakercloud.com/avatars/happypeter1983_128.jpg"
              />
            </div>
            <form
              class="makeStyles-form-27"
            >
              <button
                class="MuiButtonBase-root MuiButton-root MuiButton-contained MuiButton-containedSecondary MuiButton-fullWidth"
                tabindex="0"
                type="button"
              >
                <span
                  class="MuiButton-label"
                >
                  Change Image
                </span>
                <span
                  class="MuiTouchRipple-root"
                />
              </button>
              <input
                accept="image/*"
                style="display: none;"
                type="file"
              />
            </form>
          </div>
        </div>
      </div>
    </div>
  </div>
</DocumentFragment>
`;
