// Jest Snapshot v1, https://goo.gl/fbAQLP

exports[`matches snapshot 1`] = `
<DocumentFragment>
  <div
    class="MuiContainer-root MuiContainer-maxWidthLg"
  >
    <h1
      class="MuiTypography-root makeStyles-root-11 MuiTypography-h6 MuiTypography-alignCenter"
    >
      Find a partner and start chatting!
    </h1>
    <div
      class="MuiContainer-root makeStyles-formContainer-13 MuiContainer-maxWidthLg"
    >
      <div
        class="MuiFormControl-root makeStyles-formControl-12 MuiFormControl-marginDense"
      >
        <label
          class="MuiFormLabel-root MuiInputLabel-root MuiInputLabel-formControl MuiInputLabel-animated MuiInputLabel-marginDense MuiInputLabel-outlined"
          data-shrink="false"
          id="language"
        >
          Show users who speak...
        </label>
        <div
          class="MuiInputBase-root MuiOutlinedInput-root MuiInputBase-formControl MuiInputBase-marginDense MuiOutlinedInput-marginDense"
        >
          <div
            aria-haspopup="listbox"
            aria-labelledby="language language"
            class="MuiSelect-root MuiSelect-select MuiSelect-selectMenu MuiSelect-outlined MuiInputBase-input MuiOutlinedInput-input MuiInputBase-inputMarginDense MuiOutlinedInput-inputMarginDense"
            id="language"
            role="button"
            tabindex="0"
          >
            <span>
              â€‹
            </span>
          </div>
          <input
            aria-hidden="true"
            class="MuiSelect-nativeInput"
            tabindex="-1"
            value=""
          />
          <svg
            aria-hidden="true"
            class="MuiSvgIcon-root MuiSelect-icon MuiSelect-iconOutlined"
            focusable="false"
            viewBox="0 0 24 24"
          >
            <path
              d="M7 10l5 5 5-5z"
            />
          </svg>
          <fieldset
            aria-hidden="true"
            class="PrivateNotchedOutline-root-15 MuiOutlinedInput-notchedOutline"
          >
            <legend
              class="PrivateNotchedOutline-legendLabelled-17"
            >
              <span>
                Show users who speak...
              </span>
            </legend>
          </fieldset>
        </div>
      </div>
    </div>
    <div
      class="makeStyles-root-19"
    >
      <div
        class="MuiCircularProgress-root MuiCircularProgress-indeterminate"
        role="progressbar"
        style="width: 40px; height: 40px;"
      >
        <svg
          class="MuiCircularProgress-svg"
          viewBox="22 22 44 44"
        >
          <circle
            class="MuiCircularProgress-circle MuiCircularProgress-circleIndeterminate"
            cx="44"
            cy="44"
            fill="none"
            r="20.2"
            stroke-width="3.6"
          />
        </svg>
      </div>
    </div>
  </div>
</DocumentFragment>
`;
