// Jest Snapshot v1, https://goo.gl/fbAQLP

exports[`matches snapshot 1`] = `
<DocumentFragment>
  <div
    class="MuiContainer-root MuiContainer-maxWidthLg"
  >
    <h1
      class="MuiTypography-root makeStyles-root-5 MuiTypography-h4 MuiTypography-alignCenter"
    >
      Partners
    </h1>
    <p
      class="MuiTypography-root makeStyles-root-5 MuiTypography-body1 MuiTypography-alignCenter"
    >
      No partners yet. Find users to chat with 
      <a
        href="/"
      >
        here
      </a>
      .
    </p>
  </div>
</DocumentFragment>
`;
